------------------------------------------------------------
Timing Analyzer Summary
------------------------------------------------------------

Type  : Slow 1100mV 85C Model Setup 'clk'
Slack : -0.501
TNS   : -2.874

Type  : Slow 1100mV 85C Model Hold 'clk'
Slack : 0.321
TNS   : 0.000

Type  : Slow 1100mV 85C Model Minimum Pulse Width 'clk'
Slack : -0.724
TNS   : -8.860

Type  : Slow 1100mV 0C Model Setup 'clk'
Slack : -0.553
TNS   : -2.912

Type  : Slow 1100mV 0C Model Hold 'clk'
Slack : 0.312
TNS   : 0.000

Type  : Slow 1100mV 0C Model Minimum Pulse Width 'clk'
Slack : -0.724
TNS   : -9.040

Type  : Fast 1100mV 85C Model Setup 'clk'
Slack : 0.371
TNS   : 0.000

Type  : Fast 1100mV 85C Model Hold 'clk'
Slack : 0.144
TNS   : 0.000

Type  : Fast 1100mV 85C Model Minimum Pulse Width 'clk'
Slack : -0.079
TNS   : -0.628

Type  : Fast 1100mV 0C Model Setup 'clk'
Slack : 0.398
TNS   : 0.000

Type  : Fast 1100mV 0C Model Hold 'clk'
Slack : 0.133
TNS   : 0.000

Type  : Fast 1100mV 0C Model Minimum Pulse Width 'clk'
Slack : -0.080
TNS   : -0.632

------------------------------------------------------------
